SQL> select *
  2  from emp
  3  where job='clerk and sal<1500;
ERROR:
ORA-01756: quoted string not properly terminated 


SQL> select *
  2  from emp
  3  where job='clerk' and sal < 1500;

no rows selected

SQL> select * from emp;

     EMPNO ENAME      JOB              MGR HIREDATE         SAL       COMM     DEPTNO               
---------- ---------- --------- ---------- --------- ---------- ---------- ----------               
      7369 SMITH      CLERK           7902 17-DEC-80        800                    20               
      7499 ALLEN      SALESMAN        7698 20-FEB-81       1600        300         30               
      7521 WARD       SALESMAN        7698 22-FEB-81       1250        500         30               
      7566 JONES      MANAGER         7839 02-APR-81       2975                    20               
      7654 MARTIN     SALESMAN        7698 28-SEP-81       1250       1400         30               
      7698 BLAKE      MANAGER         7839 01-MAY-81       2850                    30               
      7782 CLARK      MANAGER         7839 09-JUN-81       2450                    10               
      7788 SCOTT      ANALYST         7566 19-APR-87       3000                    20               
      7839 KING       PRESIDENT            17-NOV-81       5000                    10               
      7844 TURNER     SALESMAN        7698 08-SEP-81       1500          0         30               
      7876 ADAMS      CLERK           7788 23-MAY-87       1100                    20               
      7900 JAMES      CLERK           7698 03-DEC-81        950                    30               
      7902 FORD       ANALYST         7566 03-DEC-81       3000                    20               
      7934 MILLER     CLERK           7782 23-JAN-82       1300                    10               

14 rows selected.

SQL> select ename from emp where job'CLERK' and sal<1500;
select ename from emp where job'CLERK' and sal<1500
                               *
ERROR at line 1:
ORA-00920: invalid relational operator 


SQL> cl scr
SQL> select *
  2  from emp
  3  where job='CLERK' and sal<1500;

     EMPNO ENAME      JOB              MGR HIREDATE         SAL       COMM     DEPTNO               
---------- ---------- --------- ---------- --------- ---------- ---------- ----------               
      7369 SMITH      CLERK           7902 17-DEC-80        800                    20               
      7876 ADAMS      CLERK           7788 23-MAY-87       1100                    20               
      7900 JAMES      CLERK           7698 03-DEC-81        950                    30               
      7934 MILLER     CLERK           7782 23-JAN-82       1300                    10               

SQL> select name, hiredate
  2  from emp
  3  where job='MANAGER'and deptno=30;
select name, hiredate
       *
ERROR at line 1:
ORA-00904: "NAME": invalid identifier 


SQL> select ename , hiredate
  2  from emp
  3  where job='MANAGER' and deptno=30;

ENAME      HIREDATE                                                                                 
---------- ---------                                                                                
BLAKE      01-MAY-81                                                                                

SQL> select emp.*,sal*12 as "Annual salary"
  2  from emp
  3  where job='SALESMAN' and deptno=30 and Annual salary>14000;
where job='SALESMAN' and deptno=30 and Annual salary>14000
                                              *
ERROR at line 3:
ORA-00920: invalid relational operator 


SQL> 
SQL>  select emp.*,sal*12 as "Annual salary"
  2   from emp
  3  where  job='SALESMAN' and deptno=30 and sal * 12>14000;

     EMPNO ENAME      JOB              MGR HIREDATE         SAL       COMM     DEPTNO Annual salary 
---------- ---------- --------- ---------- --------- ---------- ---------- ---------- ------------- 
      7499 ALLEN      SALESMAN        7698 20-FEB-81       1600        300         30         19200 
      7521 WARD       SALESMAN        7698 22-FEB-81       1250        500         30         15000 
      7654 MARTIN     SALESMAN        7698 28-SEP-81       1250       1400         30         15000 
      7844 TURNER     SALESMAN        7698 08-SEP-81       1500          0         30         18000 

SQL> select * from emp
  2  where deptno='30' or job='Analyst;
ERROR:
ORA-01756: quoted string not properly terminated 


SQL> select * from emp
  2  where deptno='30' or job='Analyst';

     EMPNO ENAME      JOB              MGR HIREDATE         SAL       COMM     DEPTNO               
---------- ---------- --------- ---------- --------- ---------- ---------- ----------               
      7499 ALLEN      SALESMAN        7698 20-FEB-81       1600        300         30               
      7521 WARD       SALESMAN        7698 22-FEB-81       1250        500         30               
      7654 MARTIN     SALESMAN        7698 28-SEP-81       1250       1400         30               
      7698 BLAKE      MANAGER         7839 01-MAY-81       2850                    30               
      7844 TURNER     SALESMAN        7698 08-SEP-81       1500          0         30               
      7900 JAMES      CLERK           7698 03-DEC-81        950                    30               

6 rows selected.

SQL> select ename
  2  from emp
  3  where sal <1100 and job = 'CLERK';

ENAME                                                                                               
----------                                                                                          
SMITH                                                                                               
JAMES                                                                                               

SQL> select ename From emp
  2  where job='clerk';

no rows selected

SQL> SELECT ENAME, SAL , 12*SAL AS "ANNUAL SAL" , DEPTNO
  2  FROM EMP
  3  WHERE DEPTNO=20 AND SAL>1100 AND SAL* 12 >12000;

ENAME             SAL ANNUAL SAL     DEPTNO                                                         
---------- ---------- ---------- ----------                                                         
JONES            2975      35700         20                                                         
SCOTT            3000      36000         20                                                         
FORD             3000      36000         20                                                         

SQL> SELECT EMPNO,ENAME FROM EMP
  2  WHERE JOB='MANAGER' AND DEPTNO=20;

     EMPNO ENAME                                                                                    
---------- ----------                                                                               
      7566 JONES                                                                                    

SQL> SELECT * FROM EMP
  2  WHERE DEPTNO=20 OR DEPTNO=30;

     EMPNO ENAME      JOB              MGR HIREDATE         SAL       COMM     DEPTNO               
---------- ---------- --------- ---------- --------- ---------- ---------- ----------               
      7369 SMITH      CLERK           7902 17-DEC-80        800                    20               
      7499 ALLEN      SALESMAN        7698 20-FEB-81       1600        300         30               
      7521 WARD       SALESMAN        7698 22-FEB-81       1250        500         30               
      7566 JONES      MANAGER         7839 02-APR-81       2975                    20               
      7654 MARTIN     SALESMAN        7698 28-SEP-81       1250       1400         30               
      7698 BLAKE      MANAGER         7839 01-MAY-81       2850                    30               
      7788 SCOTT      ANALYST         7566 19-APR-87       3000                    20               
      7844 TURNER     SALESMAN        7698 08-SEP-81       1500          0         30               
      7876 ADAMS      CLERK           7788 23-MAY-87       1100                    20               
      7900 JAMES      CLERK           7698 03-DEC-81        950                    30               
      7902 FORD       ANALYST         7566 03-DEC-81       3000                    20               

11 rows selected.

SQL> SELECT * FROMEMP
  2  
SQL> SELECT * FROM EMP
  2  WHERE JOB='ANALYST' AND DEPTNO=10;

no rows selected

SQL> SELECT * FROM EMP;

     EMPNO ENAME      JOB              MGR HIREDATE         SAL       COMM     DEPTNO               
---------- ---------- --------- ---------- --------- ---------- ---------- ----------               
      7369 SMITH      CLERK           7902 17-DEC-80        800                    20               
      7499 ALLEN      SALESMAN        7698 20-FEB-81       1600        300         30               
      7521 WARD       SALESMAN        7698 22-FEB-81       1250        500         30               
      7566 JONES      MANAGER         7839 02-APR-81       2975                    20               
      7654 MARTIN     SALESMAN        7698 28-SEP-81       1250       1400         30               
      7698 BLAKE      MANAGER         7839 01-MAY-81       2850                    30               
      7782 CLARK      MANAGER         7839 09-JUN-81       2450                    10               
      7788 SCOTT      ANALYST         7566 19-APR-87       3000                    20               
      7839 KING       PRESIDENT            17-NOV-81       5000                    10               
      7844 TURNER     SALESMAN        7698 08-SEP-81       1500          0         30               
      7876 ADAMS      CLERK           7788 23-MAY-87       1100                    20               
      7900 JAMES      CLERK           7698 03-DEC-81        950                    30               
      7902 FORD       ANALYST         7566 03-DEC-81       3000                    20               
      7934 MILLER     CLERK           7782 23-JAN-82       1300                    10               

14 rows selected.

SQL> SELECT * FROM EMP
  2  WHERE JOB='PRESIDENT' AND SAL = 4000;

no rows selected

SQL> 
SQL> SELECT ENAME, DEPTNO,JOB
  2  FROM EMP
  3  WHERE JOB='CLERK AND (DEPTNO=10 OR DEPTNO=20);
ERROR:
ORA-01756: quoted string not properly terminated 


SQL> SELECT ENAME, DEPTNO,JOB
  2  FROM EMP
  3  WHERE JOB='CLERK' AND (DEPTNO=10 OR DEPTNO=20);

ENAME          DEPTNO JOB                                                                           
---------- ---------- ---------                                                                     
SMITH              20 CLERK                                                                         
ADAMS              20 CLERK                                                                         
MILLER             10 CLERK                                                                         

SQL> SELECT * FROM EMP WHERE (JOB='CLERK' OR JOB='MANAGER') AND DEPTNO=10;

     EMPNO ENAME      JOB              MGR HIREDATE         SAL       COMM     DEPTNO               
---------- ---------- --------- ---------- --------- ---------- ---------- ----------               
      7782 CLARK      MANAGER         7839 09-JUN-81       2450                    10               
      7934 MILLER     CLERK           7782 23-JAN-82       1300                    10               

SQL> SELECT * FROM EMP WHERE DEPTNO=10 OR  DEPTNO=20 OR  DEPTNO=30 OR  DEPTNO=40;

     EMPNO ENAME      JOB              MGR HIREDATE         SAL       COMM     DEPTNO               
---------- ---------- --------- ---------- --------- ---------- ---------- ----------               
      7369 SMITH      CLERK           7902 17-DEC-80        800                    20               
      7499 ALLEN      SALESMAN        7698 20-FEB-81       1600        300         30               
      7521 WARD       SALESMAN        7698 22-FEB-81       1250        500         30               
      7566 JONES      MANAGER         7839 02-APR-81       2975                    20               
      7654 MARTIN     SALESMAN        7698 28-SEP-81       1250       1400         30               
      7698 BLAKE      MANAGER         7839 01-MAY-81       2850                    30               
      7782 CLARK      MANAGER         7839 09-JUN-81       2450                    10               
      7788 SCOTT      ANALYST         7566 19-APR-87       3000                    20               
      7839 KING       PRESIDENT            17-NOV-81       5000                    10               
      7844 TURNER     SALESMAN        7698 08-SEP-81       1500          0         30               
      7876 ADAMS      CLERK           7788 23-MAY-87       1100                    20               
      7900 JAMES      CLERK           7698 03-DEC-81        950                    30               
      7902 FORD       ANALYST         7566 03-DEC-81       3000                    20               
      7934 MILLER     CLERK           7782 23-JAN-82       1300                    10               

14 rows selected.

SQL> SELECT * FROM EMP WHERE EMPNO=7902 AND EMPNO=7839;

no rows selected

SQL> SELECT * FROM EMP WHERE EMPNO=7902 OR EMPNO=7839;

     EMPNO ENAME      JOB              MGR HIREDATE         SAL       COMM     DEPTNO               
---------- ---------- --------- ---------- --------- ---------- ---------- ----------               
      7839 KING       PRESIDENT            17-NOV-81       5000                    10               
      7902 FORD       ANALYST         7566 03-DEC-81       3000                    20               

SQL> SELECT * FROM EMP WHERE JOB='MANAGER' OR JOB='SALESMAN' OR JOB='CLERK';

     EMPNO ENAME      JOB              MGR HIREDATE         SAL       COMM     DEPTNO               
---------- ---------- --------- ---------- --------- ---------- ---------- ----------               
      7369 SMITH      CLERK           7902 17-DEC-80        800                    20               
      7499 ALLEN      SALESMAN        7698 20-FEB-81       1600        300         30               
      7521 WARD       SALESMAN        7698 22-FEB-81       1250        500         30               
      7566 JONES      MANAGER         7839 02-APR-81       2975                    20               
      7654 MARTIN     SALESMAN        7698 28-SEP-81       1250       1400         30               
      7698 BLAKE      MANAGER         7839 01-MAY-81       2850                    30               
      7782 CLARK      MANAGER         7839 09-JUN-81       2450                    10               
      7844 TURNER     SALESMAN        7698 08-SEP-81       1500          0         30               
      7876 ADAMS      CLERK           7788 23-MAY-87       1100                    20               
      7900 JAMES      CLERK           7698 03-DEC-81        950                    30               
      7934 MILLER     CLERK           7782 23-JAN-82       1300                    10               

11 rows selected.

SQL> SELECT ENAME FROM WHERE HIREDATE >30-DEC-1981 AND HIREDATE <01-JAN-1987;
SELECT ENAME FROM WHERE HIREDATE >30-DEC-1981 AND HIREDATE <01-JAN-1987
                  *
ERROR at line 1:
ORA-00903: invalid table name 


SQL> SELECT ENAME FROM WHERE HIREDATE >30-DEC-81 AND HIREDATE <01-JAN-87;
SELECT ENAME FROM WHERE HIREDATE >30-DEC-81 AND HIREDATE <01-JAN-87
                  *
ERROR at line 1:
ORA-00903: invalid table name 


SQL> SELECT ENAME FROM EMP WHERE HIREDATE >30-DEC-81 AND HIREDATE <01-JAN-87;
SELECT ENAME FROM EMP WHERE HIREDATE >30-DEC-81 AND HIREDATE <01-JAN-87
                                                                 *
ERROR at line 1:
ORA-00904: "JAN": invalid identifier 


SQL> SELECT ENAME FROM EMP WHERE SAL>1250 AND SAL<3000;

ENAME                                                                                               
----------                                                                                          
ALLEN                                                                                               
JONES                                                                                               
BLAKE                                                                                               
CLARK                                                                                               
TURNER                                                                                              
MILLER                                                                                              

6 rows selected.

SQL> 
SQL> SELECT ENAME FROM EMP WHERE HIREDATE>30-DEC-81 AND (DEPTNO=10 OR DEPTNO=20);
SELECT ENAME FROM EMP WHERE HIREDATE>30-DEC-81 AND (DEPTNO=10 OR DEPTNO=20)
                                        *
ERROR at line 1:
ORA-00904: "DEC": invalid identifier 


SQL> SELECT ENAME FROM EMP WHERE HIREDATE>30-"DEC"-81 AND (DEPTNO=10 OR DEPTNO=20);
SELECT ENAME FROM EMP WHERE HIREDATE>30-"DEC"-81 AND (DEPTNO=10 OR DEPTNO=20)
                                        *
ERROR at line 1:
ORA-00904: "DEC": invalid identifier 


SQL> SELECT ENAME FROM EMP WHERE HIREDATE>TO_DATE('30-DEC-81','DD-MON-YY') AND (DEPTNO=10 OR DEPTNO=20);

no rows selected

SQL> SELECT ENAME , SAL *12 AS"ANNUAL SAL "
  2  FROM EMP WHERE (JOB='MANAGER' OR JOB='CLERK) AND (DEPTNO=10 OR DEPTNO=30) ;
ERROR:
ORA-01756: quoted string not properly terminated 


SQL> SELECT ENAME , SAL *12 AS"ANNUAL SAL "
  2  FROM EMP WHERE (JOB='MANAGER' OR JOB='CLERK') AND (DEPTNO=10 OR DEPTNO=30) ;

ENAME      ANNUAL SAL                                                                               
---------- -----------                                                                              
BLAKE            34200                                                                              
CLARK            29400                                                                              
JAMES            11400                                                                              
MILLER           15600                                                                              

SQL> SELECT EMP.*,SAL*12 AS "ANNUAL SAL" FROM EMP
  2  WHERE (SAL> 1000 AND SAL <4000 ) AND SAL*12>15000;

     EMPNO ENAME      JOB              MGR HIREDATE         SAL       COMM     DEPTNO ANNUAL SAL    
---------- ---------- --------- ---------- --------- ---------- ---------- ---------- ----------    
      7499 ALLEN      SALESMAN        7698 20-FEB-81       1600        300         30      19200    
      7566 JONES      MANAGER         7839 02-APR-81       2975                    20      35700    
      7698 BLAKE      MANAGER         7839 01-MAY-81       2850                    30      34200    
      7782 CLARK      MANAGER         7839 09-JUN-81       2450                    10      29400    
      7788 SCOTT      ANALYST         7566 19-APR-87       3000                    20      36000    
      7844 TURNER     SALESMAN        7698 08-SEP-81       1500          0         30      18000    
      7902 FORD       ANALYST         7566 03-DEC-81       3000                    20      36000    
      7934 MILLER     CLERK           7782 23-JAN-82       1300                    10      15600    

8 rows selected.

SQL> SELECT * FROM EMP WHERE DEPTNO!=10 AND DEPTNO!=30;

     EMPNO ENAME      JOB              MGR HIREDATE         SAL       COMM     DEPTNO               
---------- ---------- --------- ---------- --------- ---------- ---------- ----------               
      7369 SMITH      CLERK           7902 17-DEC-80        800                    20               
      7566 JONES      MANAGER         7839 02-APR-81       2975                    20               
      7788 SCOTT      ANALYST         7566 19-APR-87       3000                    20               
      7876 ADAMS      CLERK           7788 23-MAY-87       1100                    20               
      7902 FORD       ANALYST         7566 03-DEC-81       3000                    20               

SQL> SELECT EMP.*,SAL* 12 AS "ANNUAL SAL" FROM EMP WHERE JOB!='ANALYST' AND JOB!=MANAGER;
SELECT EMP.*,SAL* 12 AS "ANNUAL SAL" FROM EMP WHERE JOB!='ANALYST' AND JOB!=MANAGER
                                                                            *
ERROR at line 1:
ORA-00904: "MANAGER": invalid identifier 


SQL> SELECT EMP.*,SAL* 12 AS "ANNUAL SAL" FROM EMP WHERE JOB!='ANALYST' AND JOB!='MANAGER';

     EMPNO ENAME      JOB              MGR HIREDATE         SAL       COMM     DEPTNO ANNUAL SAL    
---------- ---------- --------- ---------- --------- ---------- ---------- ---------- ----------    
      7369 SMITH      CLERK           7902 17-DEC-80        800                    20       9600    
      7499 ALLEN      SALESMAN        7698 20-FEB-81       1600        300         30      19200    
      7521 WARD       SALESMAN        7698 22-FEB-81       1250        500         30      15000    
      7654 MARTIN     SALESMAN        7698 28-SEP-81       1250       1400         30      15000    
      7839 KING       PRESIDENT            17-NOV-81       5000                    10      60000    
      7844 TURNER     SALESMAN        7698 08-SEP-81       1500          0         30      18000    
      7876 ADAMS      CLERK           7788 23-MAY-87       1100                    20      13200    
      7900 JAMES      CLERK           7698 03-DEC-81        950                    30      11400    
      7934 MILLER     CLERK           7782 23-JAN-82       1300                    10      15600    

9 rows selected.

SQL> SELECT ENAME FROM EMP WHERE HIREDATE>'30-DEC-81' AND (DEPTNO=10 OR DEPTNO=20);

ENAME                                                                                               
----------                                                                                          
SCOTT                                                                                               
ADAMS                                                                                               
MILLER                                                                                              

SQL> SELECT * FROM EMP WHERE HIREDATE>'30-DEC-81' AND HIREDATE <'01-JAN-87';

     EMPNO ENAME      JOB              MGR HIREDATE         SAL       COMM     DEPTNO               
---------- ---------- --------- ---------- --------- ---------- ---------- ----------               
      7934 MILLER     CLERK           7782 23-JAN-82       1300                    10               

SQL> SPOOL OFF
